started Sun Sep 20 01:08:45 EDT 2026
driver2 started Sun Sep 20 02:29:42 EDT 2026
dugoff done Sun Sep 20 03:39:09 EDT 2026
brush done Sun Sep 20 03:41:20 EDT 2026
fiala done Sun Sep 20 03:41:39 EDT 2026
burckhardt done Sun Sep 20 03:59:19 EDT 2026
pacejka done Sun Sep 20 04:05:06 EDT 2026
held-out fits done Sun Sep 20 04:05:09 EDT 2026
held-out report done Sun Sep 20 04:17:00 EDT 2026
all-data fit of brush and later skipped: on battery below 45% Sun Sep 20 04:17:00 EDT 2026
driver2 finished Sun Sep 20 04:17:00 EDT 2026
driver2 started Sun Sep 20 10:30:51 EDT 2026
held-out fits done Sun Sep 20 10:31:27 EDT 2026
held-out report done Sun Sep 20 10:31:56 EDT 2026
dugoff_all done Sun Sep 20 11:01:15 EDT 2026
brush_all done Sun Sep 20 11:03:25 EDT 2026
fiala_all done Sun Sep 20 11:03:47 EDT 2026
burckhardt_all done Sun Sep 20 11:22:29 EDT 2026
pacejka_all done Sun Sep 20 11:28:42 EDT 2026
all-data report done Sun Sep 20 11:40:20 EDT 2026
driver2 finished Sun Sep 20 11:40:20 EDT 2026
